stm32f4xx_it.c:73:6:NMI_Handler	4	static
stm32f4xx_it.c:86:6:HardFault_Handler	4	static
stm32f4xx_it.c:99:6:MemManage_Handler	4	static
stm32f4xx_it.c:112:6:BusFault_Handler	4	static
stm32f4xx_it.c:125:6:UsageFault_Handler	4	static
stm32f4xx_it.c:138:6:DebugMon_Handler	4	static
stm32f4xx_it.c:157:6:SPI1_IRQHandler	8	static
stm32f4xx_it.c:170:6:EXTI15_10_IRQHandler	8	static
stm32f4xx_it.c:184:6:TIM6_DAC_IRQHandler	8	static
stm32f4xx_it.c:197:6:ETH_IRQHandler	8	static
stm32f4xx_it.c:210:6:ETH_WKUP_IRQHandler	8	static
